// Jest Snapshot v1, https://goo.gl/fbAQLP

exports[`macros valid metadata file name: valid metadata file name 1`] = `
"
import macro from '../macro';
const metadata = macro( './fixtures/block.json' );

      ↓ ↓ ↓ ↓ ↓ ↓

\\"use strict\\";

var metadata = {
  name: \\"my-plugin/notice\\",
  title: \\"Notice\\",
  category: \\"common\\",
  parent: [\\"core/group\\"],
  icon: \\"star\\",
  description: \\"Shows warning, error or success notices  ...\\",
  keywords: [\\"alert\\", \\"message\\"],
  attributes: {
    message: {
      type: \\"string\\",
      source: \\"html\\",
      selector: \\".meessage\\"
    }
  },
  styles: [{
    name: \\"default\\",
    label: \\"Default\\",
    isDefault: true
  }, {
    name: \\"other\\",
    label: \\"Other\\"
  }]
};
"
`;
